[www.foxconn.com/en-us/index.html]
[www.honhai.com/img/meta.jpg]
[backblue.gif]
[fade.gif]
[index.html]
[cdn.jsdelivr.net/npm/mutationobserver-shim/dist/mutationobserver.min.js]
[www.google.com/recaptcha/api05cd.js]
[www.foxconn.com/css/appb813.css]
[www.foxconn.com/en-us/about/group-profile.html]
[www.foxconn.com/js/app0e51.js]
[www.foxconn.com/en-us/about/group-profile/founder.html]
[www.foxconn.com/en-us/about/group-profile/chairman-of-the-board.html]
[www.foxconn.com/en-us/about/group-profile/key-milestones.html]
[www.foxconn.com/en-us/about/worldwide.html]
[www.foxconn.com/en-us/about/core-values.html]
[www.foxconn.com/en-us/about/employee-benefits.html]
[www.foxconn.com/en-us/about/safeguard.html]
[www.foxconn.com/en-us/about/retirement-system.html]
[www.foxconn.com/en-us/products-and-services.html]
[www.foxconn.com/en-us/institute.html]
[www.foxconn.com/en-us/institute/downloads.html]
[www.foxconn.com/en-us/press-center/press-releases/latest-news.html]
[www.foxconn.com/en-us/press-center/press-releases/news-archives.html]
[www.foxconn.com/en-us/press-center/events/foxconn-events.html]
[www.foxconn.com/en-us/press-center/events/industry-events.html]
[www.foxconn.com/en-us/press-center/events/csr-events.html]
[www.foxconn.com/en-us/press-center/events/ev-events.html]
[www.foxconn.com/en-us/press-center/fabsb6ce.html]
[www.foxconn.com/en-us/press-center/fabs84c7.html]
[www.foxconn.com/en-us/press-center/fabs416d.html]
[www.foxconn.com/en-us/press-center/media-center.html]
[www.foxconn.com/en-us/investor-relations.html]
[www.foxconn.com/en-us/investor-relations/guideline-for-management.html]
[www.foxconn.com/en-us/investor-relations/investor-relations-activities/event-calendar.html]
[www.foxconn.com/en-us/investor-relations/investor-relations-activities/investor-conference.html]
[www.foxconn.com/en-us/investor-relations/investor-relations-activities/video-list.html]
[www.foxconn.com/en-us/investor-relations/corporate-governance/overview.html]
[www.foxconn.com/en-us/investor-relations/corporate-governance/corporate-governance-operations.html]
[www.foxconn.com/en-us/investor-relations/corporate-governance/directord618.html]
[www.foxconn.com/en-us/investor-relations/corporate-governance/committeebd3e.html]
[www.foxconn.com/en-us/investor-relations/corporate-governance/organization.html]
[www.foxconn.com/en-us/investor-relations/corporate-governance/internal-audit.html]
[www.foxconn.com/en-us/investor-relations/corporate-governance/major-internal-policies.html]
[www.foxconn.com/en-us/investor-relations/financial-information/financial-hightlights0546.html]
[www.foxconn.com/en-us/investor-relations/financial-information/quarterly-reports.html]
[www.foxconn.com/en-us/investor-relations/financial-information/monthly-revenues.html]
[www.foxconn.com/en-us/investor-relations/financial-information/annual-reports.html]
[www.foxconn.com/en-us/investor-relations/financial-information/credit-rating.html]
[www.foxconn.com/en-us/investor-relations/shareholders-services/stock-inquiry.html]
[www.foxconn.com/en-us/investor-relations/shareholders-services/shareholders-meetings.html]
[www.foxconn.com/en-us/investor-relations/shareholders-services/dividend-information9c05.html]
[www.foxconn.com/en-us/investor-relations/shareholders-services/analyst-coverage.html]
[www.foxconn.com/en-us/investor-relations/integrity.html]
[www.foxconn.com/en-us/investor-relations/faq.html]
[www.foxconn.com/en-us/investor-relations/contact-information.html]
[www.foxconn.com/en-us/investor-relations/member/register.html]
[www.foxconn.com/en-us/investor-relations/member.html]
[www.foxconn.com/en-us/CSR.html]
[www.foxconn.com/en-us/CSR/chairman-speech.html]
[www.foxconn.com/en-us/CSR/response-united-nations.html]
[www.foxconn.com/en-us/CSR/focus-forever142e.html]
[www.foxconn.com/en-us/CSR/focus-employees1a62.html]
[www.foxconn.com/en-us/CSR/focus-health-safety2f43.html]
[www.foxconn.com/en-us/CSR/focus-supply-chain-management9440.html]
[www.foxconn.com/en-us/CSR/focus-environment0ece.html]
[www.foxconn.com/en-us/CSR/focus-social-participation.html]
[www.foxconn.com/en-us/CSR/social-responsibility-implementation.html]
[www.foxconn.com/en-us/CSR/stake-holder.html]
[www.foxconn.com/en-us/CSR/csr-report.html]
[www.foxconn.com/en-us/CSR/csr-reference.html]
[www.foxconn.com/en-us/CSR/csr-survey.html]
[www.foxconn.com/en-us/contact.html]
[www.foxconn.com/en-us/investor-relations/financial-information/financial-hightlights.html]
[www.foxconn.com/en-us/patent-and-trademark.html]
[www.foxconn.com/en-us/privacy-and-policy.html]
[www.foxconn.com/en-us/cookie-policy.html]
[www.foxconn.com/en-us/sitemap.html]
[www.foxconn.com/en-us/index.html]
[www.foxconn.com/en-us/investor-relations/member/login.html]
[www.foxconn.com/img/index/footer-bgdc0e.jpg]
[www.foxconn.com/img/productsAndServices/bg3814.png]
[www.foxconn.com/img/productsAndServices/bg_cooperation6c30.jpg]
[www.foxconn.com/img/productsAndServices/bg_cooperation_m1477.jpg]
[www.foxconn.com/img/productsAndServices/bg_cooperation_cn342f.jpg]
[www.foxconn.com/img/productsAndServices/bg_cooperation_cn_m4800.jpg]
[www.foxconn.com/img/productsAndServices/bg_cooperation_en6cb1.jpg]
[www.foxconn.com/img/productsAndServices/bg_cooperation_en_mf221.jpg]
[www.foxconn.com/img/productsAndServices/bg_lettercf75.jpg]
[www.foxconn.com/img/CSR/ear_honor96d8.png]
[www.foxconn.com/img/index/kv-bg-maska041.png]
[www.foxconn.com/img/index/kv-bg-mask-m8694.png]
[www.foxconn.com/img/about/group-profile/bgdfb2.png]
[www.foxconn.com/img/news/bg_news5812.png]
[www.foxconn.com/img/productsAndServices/institute-bgf958.png]
[www.foxconn.com/img/investorRelations/director-bannerbaa7.jpg]
[www.foxconn.com/img/investorRelations/video-listbc1b.jpg]
[www.foxconn.com/img/investorRelations/video-list-mcdb2.jpg]
[www.foxconn.com/img/investorRelations/faqd007.jpg]
[www.foxconn.com/img/investorRelations/faq-mc849.jpg]
[www.foxconn.com/img/pressCenter/press-center-kvbd34.jpg]
[www.foxconn.com/img/pressCenter/media-center-kvf16f.jpg]
[www.foxconn.com/img/pressCenter/media-center-kv-me862.jpg]
[www.foxconn.com/img/pressCenter/fabs-gallery-kv2fe2.jpg]
[www.foxconn.com/img/pressCenter/fabs-gallery-kv-mc343.jpg]
[www.foxconn.com/img/pressCenter/press-center-kv-2d9cf.png]
[www.foxconn.com/img/productsAndServices/kv5636.png]
[www.foxconn.com/img/productsAndServices/kv-m@2x34f0.png]
[www.foxconn.com/img/investorRelations/integrity9496.png]
[www.foxconn.com/img/investorRelations/integrity-mae41.png]
[www.foxconn.com/img/investorRelations/contact-information8cf5.png]
[www.foxconn.com/img/investorRelations/contact-information-m0435.png]
[www.foxconn.com/img/contact/contact6b9a.png]
[www.foxconn.com/img/contact/contact-m5884.png]
[www.foxconn.com/img/search/searchb791.jpg]
[www.foxconn.com/img/search/search-m9d31.jpg]
[www.foxconn.com/img/investorRelations/financial-information/financial4e05.png]
[www.foxconn.com/img/about/group-profile/group-profile-kv9987.jpg]
[www.foxconn.com/img/investorRelations/shareholder8c38.png]
[www.foxconn.com/img/CSR/stakeholder299a.png]
[www.foxconn.com/img/CSR/shakeholder-mbb49.png]
[www.foxconn.com/img/CSR/SRIe13c.png]
[www.foxconn.com/img/CSR/SRI-mfb5e.png]
[www.foxconn.com/img/investorRelations/guildeformanagement65f8.jpg]
[www.foxconn.com/img/investorRelations/guildeformanagement-meb11.png]
[www.foxconn.com/img/investorRelations/member657c.png]
[www.foxconn.com/img/investorRelations/member-m966e.png]
[www.foxconn.com/img/investorRelations/GFM-bg3817.jpg]
[www.foxconn.com/img/investorRelations/ir-kv-bgfb78.png]
[www.foxconn.com/img/CSR/bge6a6.png]
[www.foxconn.com/img/CSR/bg2447f.jpg]
[www.foxconn.com/img/CSR/bg2_m9de1.jpg]
[www.foxconn.com/img/CSR/bg1f160.png]
[www.foxconn.com/img/CSR/bg1_m4934.jpg]
[www.foxconn.com/img/investorRelations/ir-kv-bg-m5218.png]
[www.foxconn.com/img/investorRelations/ir-content-bgfeda.png]
[www.foxconn.com/img/CSR/csr904d.png]
[www.foxconn.com/img/productsAndServices/consumer-ma165.png]
[www.foxconn.com/img/productsAndServices/enterprise-m6989.png]
[www.foxconn.com/img/productsAndServices/compute-m102a.png]
[www.foxconn.com/img/productsAndServices/components-m2d56.png]
[www.foxconn.com/img/index/news-events963b.jpg]
[www.foxconn.com/css/appb813.css]
[www.foxconn.com/img/about/group-profile/02ca41.png]
[www.foxconn.com/img/about/group-profile/01f95a.png]
[www.foxconn.com/en-us/about/group-profile.html]
[www.foxconn.com/img/about/group-profile/founderb301.png]
[www.foxconn.com/img/about/group-profile/founder-m4a76.png]
[www.foxconn.com/en-us/about/group-profile/founder.html]
[www.foxconn.com/img/about/group-profile/chairmanddec.jpg]
[www.foxconn.com/img/about/group-profile/chairman-ma3c1.png]
[www.foxconn.com/en-us/about/group-profile/chairman-of-the-board.html]
[www.foxconn.com/en-us/about/group-profile/key-milestones.html]
[www.foxconn.com/img/about/map/mapfd6a.png]
[www.foxconn.com/en-us/about/worldwide.html]
[www.foxconn.com/img/about/core-values/core-values_en-us16ce.png]
[www.foxconn.com/img/about/core-values/long-tern-flag21c1.png]
[www.foxconn.com/img/about/core-values/stable-flag4d5e.png]
[www.foxconn.com/img/about/core-values/develop-flag7a6c.png]
[www.foxconn.com/img/about/core-values/tech-flagff4a.png]
[www.foxconn.com/img/about/core-values/global-flagc9b4.png]
[www.foxconn.com/en-us/about/core-values.html]
[www.foxconn.com/en-us/about/employee-benefits.html]
[www.foxconn.com/en-us/about/safeguard.html]
[www.foxconn.com/en-us/about/retirement-system.html]
[www.foxconn.com/img/productsAndServices/pp5_en-useeac.png]
[www.foxconn.com/img/productsAndServices/pp_m_en-us3071.png]
[www.foxconn.com/en-us/products-and-services.html]
[www.foxconn.com/img/productsAndServices/types/ai513a.png]
[www.foxconn.com/img/productsAndServices/types/mobile/aifc5b.png]
[www.foxconn.com/img/productsAndServices/types/semiconductore9f6.png]
[www.foxconn.com/img/productsAndServices/types/mobile/semiconductorca76.png]
[www.foxconn.com/img/productsAndServices/types/communicateb45c.png]
[www.foxconn.com/img/productsAndServices/types/mobile/communicate6814.png]
[www.foxconn.com/img/productsAndServices/types/securityedd9.png]
[www.foxconn.com/img/productsAndServices/types/mobile/security35bd.png]
[www.foxconn.com/img/productsAndServices/types/quantumc255.png]
[www.foxconn.com/img/productsAndServices/types/mobile/quantum9235.png]
[www.foxconn.com/img/productsAndServices/members/012343.png]
[www.foxconn.com/img/productsAndServices/members/0292a5.png]
[www.foxconn.com/img/productsAndServices/members/03379d.png]
[www.foxconn.com/img/productsAndServices/members/048cf5.png]
[www.foxconn.com/img/productsAndServices/members/054cba.png]
[www.foxconn.com/img/productsAndServices/members/photo-Wei-Bin-Lee6db7.png]
[www.foxconn.com/img/productsAndServices/members/photo-Min-Hsiu-Hsieh6288.png]
[www.foxconn.com/img/productsAndServices/members/photo-Yung-Hui-Li1540.png]
[www.foxconn.com/en-us/institute.html]
[www.foxconn.com/en-us/institute/downloads.html]
[www.foxconn.com/en-us/press-center/press-releases/latest-news.html]
[www.foxconn.com/en-us/press-center/press-releases/news-archives.html]
[www.foxconn.com/en-us/press-center/events/foxconn-events.html]
[www.foxconn.com/en-us/press-center/events/industry-events.html]
[www.foxconn.com/en-us/press-center/events/csr-events.html]
[www.foxconn.com/en-us/press-center/events/ev-events.html]
[www.foxconn.com/en-us/press-center/fabsb6ce.html]
[www.foxconn.com/en-us/press-center/fabs84c7.html]
[www.foxconn.com/en-us/press-center/fabs416d.html]
[www.foxconn.com/en-us/press-center/media-center.html]
[www.foxconn.com/en-us/investor-relations.html]
[www.foxconn.com/en-us/investor-relations/shareholders-services/dividend-information.html]
[www.foxconn.com/img/investorRelations/GFG-5g3b7b.png]
[www.foxconn.com/en-us/investor-relations/guideline-for-management.html]
[www.foxconn.com/en-us/investor-relations/investor-relations-activities/event-calendar.html]
[www.foxconn.com/en-us/investor-relations/investor-relations-activities/investor-conference.html]
[www.foxconn.com/en-us/investor-relations/investor-relations-activities/video-list.html]
[www.foxconn.com/en-us/investor-relations/corporate-governance/overview.html]
[www.foxconn.com/en-us/investor-relations/corporate-governance/corporate-governance-operations.html]
[www.foxconn.com/en-us/investor-relations/corporate-governance/directord618.html]
[www.foxconn.com/en-us/investor-relations/corporate-governance/committeebd3e.html]
[www.foxconn.com/img/investorRelations/organization_eng60ec.png]
[www.foxconn.com/en-us/investor-relations/corporate-governance/organization.html]
[www.foxconn.com/en-us/investor-relations/corporate-governance/internal-audit.html]
[www.foxconn.com/en-us/investor-relations/corporate-governance/major-internal-policies.html]
[www.foxconn.com/en-us/investor-relations/financial-information/financial-hightlights0546.html]
[www.foxconn.com/en-us/investor-relations/financial-information/quarterly-reports.html]
[www.foxconn.com/en-us/investor-relations/financial-information/monthly-revenues.html]
[www.foxconn.com/en-us/investor-relations/financial-information/annual-reports.html]
[www.foxconn.com/en-us/investor-relations/financial-information/credit-rating.html]
[www.foxconn.com/en-us/investor-relations/shareholders-services/stock-inquiry.html]
[www.foxconn.com/en-us/investor-relations/shareholders-services/shareholders-meetings.html]
[www.foxconn.com/en-us/investor-relations/shareholders-services/dividend-information9c05.html]
[www.foxconn.com/en-us/investor-relations/shareholders-services/analyst-coverage.html]
[www.foxconn.com/en-us/investor-relations/integrity.html]
[www.foxconn.com/en-us/investor-relations/faq.html]
[www.foxconn.com/en-us/investor-relations/contact-information.html]
[www.foxconn.com/en-us/investor-relations/member/register.html]
[www.foxconn.com/en-us/investor-relations/shareholders-services/dividend-informationce2a.html]
[www.foxconn.com/en-us/investor-relations/member.html]
[www.foxconn.com/en-us/investor-relations/member/forgot-password.html]
[www.foxconn.com/img/CSR/csr_right_en-us0e50.png]
[www.foxconn.com/img/CSR/csr_right_m_en-us8649.png]
[www.foxconn.com/img/CSR/item01e4f4.png]
[www.foxconn.com/img/CSR/item021932.png]
[www.foxconn.com/img/CSR/item036f9d.png]
[www.foxconn.com/img/CSR/item0472a5.png]
[www.foxconn.com/img/CSR/item05f15d.png]
[www.foxconn.com/img/CSR/item066618.png]
[www.foxconn.com/img/CSR/csr_en-us0030.png]
[www.foxconn.com/img/index/slider-right-icond97a.png]
[www.foxconn.com/img/CSR/csr_bottom80eb.png]
[www.foxconn.com/img/CSR/csr_bottom_m06a5.png]
[www.foxconn.com/en-us/CSR.html]
[www.foxconn.com/img/CSR/img_chairman.png]
[www.foxconn.com/img/CSR/img_signature_en.png]
[www.foxconn.com/en-us/CSR/chairman-speech.html]
[www.foxconn.com/img/CSR/img_goal_0138af.png]
[www.foxconn.com/img/CSR/img_goal_029982.png]
[www.foxconn.com/img/CSR/img_goal_03a985.png]
[www.foxconn.com/img/CSR/img_goal_04dba2.png]
[www.foxconn.com/img/CSR/img_goal_0559f7.png]
[www.foxconn.com/img/CSR/img_goal_061dad.png]
[www.foxconn.com/img/CSR/img_goal_07dc10.png]
[www.foxconn.com/img/CSR/img_goal_085ecb.png]
[www.foxconn.com/img/CSR/img_goal_092d18.png]
[www.foxconn.com/img/CSR/img_goal_100013.png]
[www.foxconn.com/en-us/CSR/response-united-nations.html]
[www.foxconn.com/img/CSR/more_bg4220.jpg]
[www.foxconn.com/en-us/CSR/focus-forever142e.html]
[www.foxconn.com/en-us/CSR/focus-employees1a62.html]
[www.foxconn.com/en-us/CSR/focus-health-safety2f43.html]
[www.foxconn.com/en-us/CSR/focus-supply-chain-management9440.html]
[www.foxconn.com/en-us/CSR/focus-environment0ece.html]
[www.foxconn.com/img/CSR/photo/1-86adc.png]
[www.foxconn.com/img/CSR/photo/1-8-11462.png]
[www.foxconn.com/img/CSR/photo/1-8-20df7.png]
[www.foxconn.com/en-us/CSR/focus-social-participation.html]
[www.foxconn.com/en-us/CSR/social-responsibility-implementation.html]
[www.foxconn.com/en-us/CSR/stake-holder.html]
[www.foxconn.com/img/CSR/cover/CSR-cover-2020-EN5eb9.jpg]
[www.foxconn.com/img/CSR/cover/CSR-cover-2019-ENc07f.jpg]
[www.foxconn.com/img/CSR/cover/CSR-cover-2018-ENdd2a.jpg]
[www.foxconn.com/img/CSR/cover/CSR-cover-2017-ENbcf4.jpg]
[www.foxconn.com/img/CSR/cover/CSR-cover-2016-ENc72c.jpg]
[www.foxconn.com/img/CSR/cover/CSR-cover-2015-EN2cef.jpg]
[www.foxconn.com/img/CSR/cover/CSR-cover-2014-EN0e80.jpg]
[www.foxconn.com/img/CSR/cover/CSR-cover-2013-EN2ccd.jpg]
[www.foxconn.com/img/CSR/cover/CSR-cover-2012-EN7453.jpg]
[www.foxconn.com/img/CSR/cover/CSR-cover-2011-EN82e3.jpg]
[www.foxconn.com/img/CSR/cover/CSR-cover-2010-EN4ae2.jpg]
[www.foxconn.com/en-us/CSR/csr-report.html]
[www.foxconn.com/en-us/CSR/csr-reference.html]
[www.foxconn.com/en-us/CSR/csr-survey.html]
[www.foxconn.com/img/contact/176c9.png]
[www.foxconn.com/img/contact/279ea.png]
[www.foxconn.com/img/contact/3d7e1.png]
[www.foxconn.com/img/contact/img_contact_research_instituteffc3.png]
[www.foxconn.com/img/contact/img_contactus_ev4603.png]
[www.foxconn.com/img/contact/5b266.png]
[www.foxconn.com/img/contact/60662.png]
[www.foxconn.com/img/contact/4189f.png]
[www.foxconn.com/en-us/contact.html]
[www.foxconn.com/en-us/investor-relations/financial-information/financial-hightlights.html]
[www.foxconn.com/en-us/patent-and-trademark.html]
[www.foxconn.com/en-us/privacy-and-policy.html]
[www.foxconn.com/en-us/cookie-policy.html]
[www.foxconn.com/en-us/mih-ev-open-platform.html]
[www.foxconn.com/en-us/mih-newsletters.html]
[www.foxconn.com/en-us/mih-cooperation.html]
[www.foxconn.com/en-us/press-center/events/investor-meetings.html]
[www.foxconn.com/en-us/press-center/fabsa01e.html]
[www.foxconn.com/en-us/press-center/fabsf720.html]
[www.foxconn.com/en-us/press-center/fabsb989.html]
[www.foxconn.com/en-us/investor-relations/corporate-governance/director.html]
[www.foxconn.com/en-us/investor-relations/corporate-governance/committee.html]
[www.foxconn.com/en-us/CSR/stake-holderc4e8.html]
[www.foxconn.com/en-us/sitemap.html]
[www.foxconn.com/en-us/investor-relations/member/login.html]
[www.foxconn.com/en-us/investor-relations/shareholders-services/dividend-information.html]
[www.foxconn.com/en-us/investor-relations/shareholders-services/dividend-informationce2a.html]
[www.foxconn.com/en-us/investor-relations/member/forgot-password.html]
[www.foxconn.com/en-us/_mailto_media@foxconn.com/_.html]
[www.foxconn.com/en-us/_mailto_ir@foxconn.com/_.html]
[www.foxconn.com/en-us/_mailto_vanessa.cy.shih@foxconn.com/_.html]
[www.foxconn.com/en-us/_mailto_mih@mih-ev.org/_.html]
[www.foxconn.com/en-us/_mailto_hfj.justice@foxconn.com/_.html]
[www.foxconn.com/en-us/_mailto_edward.sx.yang@foxconn.com/_.html]
[www.foxconn.com/en-us/_mailto_edward.wy.wang@foxconn.html]
[www.foxconn.com/en-us/CSR/stake-holderdb32.html]
[www.foxconn.com/img/productsAndServices/feature01@2x704c.png]
[www.foxconn.com/img/productsAndServices/features/img_hatchback@2xe452.png]
[www.foxconn.com/img/productsAndServices/features/img_mpv@2x57bf.png]
[www.foxconn.com/img/productsAndServices/features/img_sedan@2x3648.png]
[www.foxconn.com/img/productsAndServices/features/img_lsuv@2xe377.png]
[www.foxconn.com/img/productsAndServices/features/img_suv@2xc82e.png]
[www.foxconn.com/img/productsAndServices/features/img_carB_selected@2x1ddc.png]
[www.foxconn.com/img/productsAndServices/features/img_carB@2xd6f8.png]
[www.foxconn.com/img/productsAndServices/features/img_carC_selected@2xf63d.png]
[www.foxconn.com/img/productsAndServices/features/img_carC@2x7d9e.png]
[www.foxconn.com/img/productsAndServices/features/img_carD@2xe526.png]
[www.foxconn.com/img/productsAndServices/features/img_carD_selected@2x1160.png]
[www.foxconn.com/img/productsAndServices/features/img_carE@2x852a.png]
[www.foxconn.com/img/productsAndServices/features/img_carE_selected@2xffeb.png]
[www.foxconn.com/img/productsAndServices/feature02@2x145b.png]
[www.foxconn.com/img/productsAndServices/icon_feature02@2xa3b1.png]
[www.foxconn.com/img/productsAndServices/features/front1@2x40b9.png]
[www.foxconn.com/img/productsAndServices/features/front2@2x03a7.png]
[www.foxconn.com/img/productsAndServices/features/img_feature03_carall@3x6a21.png]
[www.foxconn.com/img/productsAndServices/features/behind1@2xd680.png]
[www.foxconn.com/img/productsAndServices/features/behind2@2xe3cb.png]
[www.foxconn.com/img/productsAndServices/features/img_feature03_car@2x15a6.png]
[www.foxconn.com/img/productsAndServices/feature03@2x22b7.png]
[www.foxconn.com/img/productsAndServices/features/img_freature03@3x50ee.png]
[www.foxconn.com/img/productsAndServices/features/img_freature03car@2xc7b7.png]
[www.foxconn.com/img/productsAndServices/features/img_freature03_cn@3x2acd.png]
[www.foxconn.com/img/productsAndServices/features/img_freature03_en@3x78d4.png]
[www.foxconn.com/img/productsAndServices/features/img_freature03car_en@3xec16.png]
[www.foxconn.com/img/productsAndServices/features/img_freature03_en@3x.png]
[www.foxconn.com/img/productsAndServices/features/img_freature03car_en@3x.png]
[www.foxconn.com/img/productsAndServices/feature04@2x2d3c.png]
[www.foxconn.com/img/productsAndServices/features/img_freature05_en@3x.png]
[www.foxconn.com/img/productsAndServices/features/img_freature04@3xcee7.png]
[www.foxconn.com/img/productsAndServices/features/img_freature04_cn@3xe689.png]
[www.foxconn.com/img/productsAndServices/features/img_freature05_en@3xebc3.png]
[img.youtube.com/vi/Se7iTbX9ZAU/maxresdefault.jpg]
[img.youtube.com/vi/GS9-iKv_mBA/maxresdefault.jpg]
[www.foxconn.com/en-us/mih-ev-open-platform.html]
[www.foxconn.com/en-us/mih-newsletters.html]
[www.foxconn.com/img/productsAndServices/mih-logo-w300c2fc.png]
[www.foxconn.com/en-us/mih-cooperation.html]
[www.foxconn.com/en-us/press-center/events/investor-meetings.html]
[www.foxconn.com/en-us/press-center/fabsa01e.html]
[www.foxconn.com/en-us/press-center/fabsf720.html]
[www.foxconn.com/en-us/press-center/fabsb989.html]
[www.foxconn.com/en-us/investor-relations/corporate-governance/director.html]
[www.foxconn.com/en-us/investor-relations/corporate-governance/committee.html]
[www.foxconn.com/en-us/CSR/stake-holderc4e8.html]
[www.foxconn.com/en-us/CSR/stake-holderdb32.html]
