[demo.w3layouts.com/demos_new/template_demo/18-03-2021/study-course-starter-demo_Free/1612283260/web/index.html]
[backblue.gif]
[fade.gif]
[index.html]
[demo.w3layouts.com/demos_new/template_demo/18-03-2021/study-course-starter-demo_Free/1612283260/web/assets/css/style-liberty.css]
[demo.w3layouts.com/assests/css/font-awesome.min.css]
[demo.w3layouts.com/js/autotrack.js]
[m.servedby-buysellads.com/monetization.js]
[demo.w3layouts.com/demos_new/template_demo/18-03-2021/study-course-starter-demo_Free/1612283260/web/about.html]
[demo.w3layouts.com/demos_new/template_demo/18-03-2021/study-course-starter-demo_Free/1612283260/web/courses.html]
[demo.w3layouts.com/demos_new/template_demo/18-03-2021/study-course-starter-demo_Free/1612283260/web/blog.html]
[demo.w3layouts.com/demos_new/template_demo/18-03-2021/study-course-starter-demo_Free/1612283260/web/blog-single.html]
[demo.w3layouts.com/demos_new/template_demo/18-03-2021/study-course-starter-demo_Free/1612283260/web/error.html]
[demo.w3layouts.com/demos_new/template_demo/18-03-2021/study-course-starter-demo_Free/1612283260/web/landing-single.html]
[demo.w3layouts.com/demos_new/template_demo/18-03-2021/study-course-starter-demo_Free/1612283260/web/contact.html]
[demo.w3layouts.com/demos_new/template_demo/18-03-2021/study-course-starter-demo_Free/1612283260/web/login.html]
[demo.w3layouts.com/demos_new/template_demo/18-03-2021/study-course-starter-demo_Free/1612283260/web/assets/images/c1.jpg]
[demo.w3layouts.com/demos_new/template_demo/18-03-2021/study-course-starter-demo_Free/1612283260/web/assets/images/a1.jpg]
[demo.w3layouts.com/demos_new/template_demo/18-03-2021/study-course-starter-demo_Free/1612283260/web/assets/images/c5.jpg]
[demo.w3layouts.com/demos_new/template_demo/18-03-2021/study-course-starter-demo_Free/1612283260/web/assets/images/a2.jpg]
[demo.w3layouts.com/demos_new/template_demo/18-03-2021/study-course-starter-demo_Free/1612283260/web/assets/images/c6.jpg]
[demo.w3layouts.com/demos_new/template_demo/18-03-2021/study-course-starter-demo_Free/1612283260/web/assets/images/a4.jpg]
[demo.w3layouts.com/demos_new/template_demo/18-03-2021/study-course-starter-demo_Free/1612283260/web/assets/images/team1.jpg]
[demo.w3layouts.com/demos_new/template_demo/18-03-2021/study-course-starter-demo_Free/1612283260/web/assets/images/team2.jpg]
[demo.w3layouts.com/demos_new/template_demo/18-03-2021/study-course-starter-demo_Free/1612283260/web/assets/images/team3.jpg]
[demo.w3layouts.com/demos_new/template_demo/18-03-2021/study-course-starter-demo_Free/1612283260/web/assets/images/team4.jpg]
[demo.w3layouts.com/demos_new/template_demo/18-03-2021/study-course-starter-demo_Free/1612283260/web/assets/images/brand1.png]
[demo.w3layouts.com/demos_new/template_demo/18-03-2021/study-course-starter-demo_Free/1612283260/web/assets/images/brand2.png]
[demo.w3layouts.com/demos_new/template_demo/18-03-2021/study-course-starter-demo_Free/1612283260/web/assets/images/brand3.png]
[demo.w3layouts.com/demos_new/template_demo/18-03-2021/study-course-starter-demo_Free/1612283260/web/assets/images/brand4.png]
[demo.w3layouts.com/demos_new/template_demo/18-03-2021/study-course-starter-demo_Free/1612283260/web/assets/images/brand5.png]
[demo.w3layouts.com/demos_new/template_demo/18-03-2021/study-course-starter-demo_Free/1612283260/web/assets/images/brand6.png]
[demo.w3layouts.com/demos_new/template_demo/18-03-2021/study-course-starter-demo_Free/1612283260/web/assets/images/googleplay.png]
[demo.w3layouts.com/demos_new/template_demo/18-03-2021/study-course-starter-demo_Free/1612283260/web/assets/images/appstore.png]
[demo.w3layouts.com/demos_new/template_demo/18-03-2021/study-course-starter-demo_Free/1612283260/web/assets/js/jquery-3.3.1.min.js]
[demo.w3layouts.com/demos_new/template_demo/18-03-2021/study-course-starter-demo_Free/1612283260/web/assets/js/theme-change.js]
[demo.w3layouts.com/demos_new/template_demo/18-03-2021/study-course-starter-demo_Free/1612283260/web/assets/js/jquery.waypoints.min.js]
[demo.w3layouts.com/demos_new/template_demo/18-03-2021/study-course-starter-demo_Free/1612283260/web/assets/js/jquery.countup.js]
[demo.w3layouts.com/demos_new/template_demo/18-03-2021/study-course-starter-demo_Free/1612283260/web/assets/js/owl.carousel.js]
[demo.w3layouts.com/demos_new/template_demo/18-03-2021/study-course-starter-demo_Free/1612283260/web/assets/js/bootstrap.min.js]
[demo.w3layouts.com/demos_new/template_demo/18-03-2021/study-course-starter-demo_Free/1612283260/web/index.html]
[a.vdo.ai/core/v-w3layouts/vdo.ai.js]
[demo.w3layouts.com/demos_new/template_demo/18-03-2021/study-course-starter-demo_Free/1612283260/web/assets/fonts/fontawesome-webfont3e6e.eot]
[demo.w3layouts.com/demos_new/template_demo/18-03-2021/study-course-starter-demo_Free/1612283260/web/assets/fonts/fontawesome-webfontd41d.eot]
[demo.w3layouts.com/demos_new/template_demo/18-03-2021/study-course-starter-demo_Free/1612283260/web/assets/fonts/fontawesome-webfont3e6e.woff2]
[demo.w3layouts.com/demos_new/template_demo/18-03-2021/study-course-starter-demo_Free/1612283260/web/assets/fonts/fontawesome-webfont3e6e.woff]
[demo.w3layouts.com/demos_new/template_demo/18-03-2021/study-course-starter-demo_Free/1612283260/web/assets/fonts/fontawesome-webfont3e6e.ttf]
[demo.w3layouts.com/demos_new/template_demo/18-03-2021/study-course-starter-demo_Free/1612283260/web/assets/fonts/fontawesome-webfont3e6e.svg]
[demo.w3layouts.com/demos_new/template_demo/18-03-2021/study-course-starter-demo_Free/1612283260/web/assets/images/banner1.jpg]
[demo.w3layouts.com/demos_new/template_demo/18-03-2021/study-course-starter-demo_Free/1612283260/web/assets/images/banner2.jpg]
[demo.w3layouts.com/demos_new/template_demo/18-03-2021/study-course-starter-demo_Free/1612283260/web/assets/images/banner3.jpg]
[demo.w3layouts.com/demos_new/template_demo/18-03-2021/study-course-starter-demo_Free/1612283260/web/assets/images/banner4.jpg]
[demo.w3layouts.com/demos_new/template_demo/18-03-2021/study-course-starter-demo_Free/1612283260/web/assets/css/owl.video.play.png]
[demo.w3layouts.com/demos_new/template_demo/18-03-2021/study-course-starter-demo_Free/1612283260/web/assets/css/style-liberty.css]
[demo.w3layouts.com/assests/css/font-awesome.min.css]
[demo.w3layouts.com/demos_new/template_demo/18-03-2021/study-course-starter-demo_Free/1612283260/web/assets/images/about.jpg]
[demo.w3layouts.com/demos_new/template_demo/18-03-2021/study-course-starter-demo_Free/1612283260/web/assets/images/about1.jpg]
[demo.w3layouts.com/demos_new/template_demo/18-03-2021/study-course-starter-demo_Free/1612283260/web/assets/images/about2.jpg]
[demo.w3layouts.com/demos_new/template_demo/18-03-2021/study-course-starter-demo_Free/1612283260/web/about.html]
[demo.w3layouts.com/demos_new/template_demo/18-03-2021/study-course-starter-demo_Free/1612283260/web/assets/images/c2.jpg]
[demo.w3layouts.com/demos_new/template_demo/18-03-2021/study-course-starter-demo_Free/1612283260/web/assets/images/c3.jpg]
[demo.w3layouts.com/demos_new/template_demo/18-03-2021/study-course-starter-demo_Free/1612283260/web/assets/images/a3.jpg]
[demo.w3layouts.com/demos_new/template_demo/18-03-2021/study-course-starter-demo_Free/1612283260/web/assets/images/c4.jpg]
[demo.w3layouts.com/demos_new/template_demo/18-03-2021/study-course-starter-demo_Free/1612283260/web/courses.html]
[demo.w3layouts.com/demos_new/template_demo/18-03-2021/study-course-starter-demo_Free/1612283260/web/blog.html]
[demo.w3layouts.com/demos_new/template_demo/18-03-2021/study-course-starter-demo_Free/1612283260/web/assets/images/1.jpg]
[demo.w3layouts.com/demos_new/template_demo/18-03-2021/study-course-starter-demo_Free/1612283260/web/blog-single.html]
[demo.w3layouts.com/demos_new/template_demo/18-03-2021/study-course-starter-demo_Free/1612283260/web/error.html]
[demo.w3layouts.com/demos_new/template_demo/18-03-2021/study-course-starter-demo_Free/1612283260/web/landing-single.html]
[demo.w3layouts.com/demos_new/template_demo/18-03-2021/study-course-starter-demo_Free/1612283260/web/contact.html]
[demo.w3layouts.com/demos_new/template_demo/18-03-2021/study-course-starter-demo_Free/1612283260/web/assets/images/error.svg]
[demo.w3layouts.com/demos_new/template_demo/18-03-2021/study-course-starter-demo_Free/1612283260/web/login.html]
[demo.w3layouts.com/demos_new/template_demo/18-03-2021/study-course-starter-demo_Free/1612283260/web/assets/fonts/fontawesome-webfont3e6e.svg]
[demo.w3layouts.com/demos_new/template_demo/18-03-2021/study-course-starter-demo_Free/1612283260/web/assets/css/owl.video.play.html]
[demo.w3layouts.com/demos_new/template_demo/18-03-2021/study-course-starter-demo_Free/1612283260/web/assets/images/error.svg]
[demo.w3layouts.com/demos_new/template_demo/18-03-2021/study-course-starter-demo_Free/1612283260/web/signup.html]
[demo.w3layouts.com/demos_new/template_demo/18-03-2021/study-course-starter-demo_Free/1612283260/web/signup.html]
