[preview.colorlib.com/theme/ogani/index.html]
[backblue.gif]
[fade.gif]
[index.html]
[preview.colorlib.com/theme/ogani/img/xlogo.png.pagespeed.ic.ap5icp--OT.png]
[preview.colorlib.com/theme/ogani/img/xlanguage.png.pagespeed.ic.x-r7SQqGJF.jpg]
[preview.colorlib.com/theme/ogani/css/A.bootstrap.min.css+font-awesome.min.css+elegant-icons.css+nice-select.css+jquery-ui.min.css+owl.carousel.min.css+slicknav.min.css+style.css,Mcc.4YNTZ7I7f2.css.p]
[preview.colorlib.com/theme/ogani/shop-grid.html]
[preview.colorlib.com/theme/ogani/shop-details.html]
[preview.colorlib.com/theme/ogani/shoping-cart.html]
[preview.colorlib.com/theme/ogani/checkout.html]
[preview.colorlib.com/theme/ogani/blog-details.html]
[preview.colorlib.com/theme/ogani/blog.html]
[preview.colorlib.com/theme/ogani/contact.html]
[preview.colorlib.com/theme/ogani/img/hero/banner.jpg]
[preview.colorlib.com/theme/ogani/img/categories/cat-1.jpg]
[preview.colorlib.com/theme/ogani/img/categories/cat-2.jpg]
[preview.colorlib.com/theme/ogani/img/categories/cat-3.jpg]
[preview.colorlib.com/theme/ogani/img/categories/cat-4.jpg]
[preview.colorlib.com/theme/ogani/img/categories/cat-5.jpg]
[preview.colorlib.com/theme/ogani/img/featured/feature-1.jpg]
[preview.colorlib.com/theme/ogani/img/featured/feature-2.jpg]
[preview.colorlib.com/theme/ogani/img/featured/feature-3.jpg]
[preview.colorlib.com/theme/ogani/img/featured/feature-4.jpg]
[preview.colorlib.com/theme/ogani/img/featured/feature-5.jpg]
[preview.colorlib.com/theme/ogani/img/featured/feature-6.jpg]
[preview.colorlib.com/theme/ogani/img/featured/feature-7.jpg]
[preview.colorlib.com/theme/ogani/img/featured/feature-8.jpg]
[preview.colorlib.com/theme/ogani/img/banner/xbanner-1.jpg.pagespeed.ic.-NRyTdVwji.jpg]
[preview.colorlib.com/theme/ogani/img/banner/xbanner-2.jpg.pagespeed.ic.pSCK_iOvxr.jpg]
[preview.colorlib.com/theme/ogani/img/latest-product/xlp-1.jpg.pagespeed.ic.LGjna46RhG.jpg]
[preview.colorlib.com/theme/ogani/img/latest-product/xlp-2.jpg.pagespeed.ic.A6ypl4JLGO.jpg]
[preview.colorlib.com/theme/ogani/img/latest-product/xlp-3.jpg.pagespeed.ic.mf_XcdZ7zd.jpg]
[preview.colorlib.com/theme/ogani/img/blog/xblog-1.jpg.pagespeed.ic.LxmSdcElIm.jpg]
[preview.colorlib.com/theme/ogani/img/blog/xblog-2.jpg.pagespeed.ic.BEPbl29gdJ.jpg]
[preview.colorlib.com/theme/ogani/img/blog/xblog-3.jpg.pagespeed.ic.cmlGgG7W6t.jpg]
[preview.colorlib.com/cdn-cgi/scripts/5c5dd728/cloudflare-static/email-decode.min.js]
[preview.colorlib.com/theme/ogani/img/xpayment-item.png.pagespeed.ic.IsCge16PaL.png]
[preview.colorlib.com/theme/ogani/js/jquery-3.3.1.min.js]
[preview.colorlib.com/theme/ogani/js/bootstrap.min.js+jquery.nice-select.min.js.pagespeed.jc.08NHUfMhux.js]
[preview.colorlib.com/theme/ogani/js/jquery.slicknav.js]
[preview.colorlib.com/theme/ogani/js/jquery-ui.min.js]
[preview.colorlib.com/theme/ogani/js/mixitup.min.js]
[preview.colorlib.com/theme/ogani/js/owl.carousel.min.js]
[preview.colorlib.com/theme/ogani/js/main.js]
[preview.colorlib.com/theme/ogani/index.html]
[static.cloudflareinsights.com/beacon.min.js]
[preview.colorlib.com/theme/ogani/fonts/fontawesome-webfont3e6e.eot]
[preview.colorlib.com/theme/ogani/fonts/fontawesome-webfont3e6e.woff2]
[preview.colorlib.com/theme/ogani/fonts/fontawesome-webfontd41d.eot]
[preview.colorlib.com/theme/ogani/fonts/fontawesome-webfont3e6e.woff]
[preview.colorlib.com/theme/ogani/fonts/fontawesome-webfont3e6e.ttf]
[preview.colorlib.com/theme/ogani/fonts/ElegantIcons.eot]
[preview.colorlib.com/theme/ogani/fonts/ElegantIconsd41d.eot]
[preview.colorlib.com/theme/ogani/fonts/fontawesome-webfont3e6e.svg]
[preview.colorlib.com/theme/ogani/fonts/ElegantIcons.woff]
[preview.colorlib.com/theme/ogani/fonts/ElegantIcons.ttf]
[preview.colorlib.com/theme/ogani/css/A.bootstrap.min.css+font-awesome.min.css+elegant-icons.css+nice-select.css+jquery-ui.min.css+owl.carousel.min.css+slicknav.min.css+style.css,Mcc.4YNTZ7I7f2.css.p]
[preview.colorlib.com/theme/ogani/img/breadcrumb.jpg]
[preview.colorlib.com/theme/ogani/fonts/ElegantIcons.svg]
[preview.colorlib.com/theme/ogani/img/product/discount/pd-1.jpg]
[preview.colorlib.com/theme/ogani/img/product/discount/pd-2.jpg]
[preview.colorlib.com/theme/ogani/img/product/discount/pd-3.jpg]
[preview.colorlib.com/theme/ogani/img/product/discount/pd-4.jpg]
[preview.colorlib.com/theme/ogani/img/product/discount/pd-5.jpg]
[preview.colorlib.com/theme/ogani/img/product/discount/pd-6.jpg]
[preview.colorlib.com/theme/ogani/img/product/product-1.jpg]
[preview.colorlib.com/theme/ogani/img/product/product-2.jpg]
[preview.colorlib.com/theme/ogani/img/product/product-3.jpg]
[preview.colorlib.com/theme/ogani/img/product/product-4.jpg]
[preview.colorlib.com/theme/ogani/img/product/product-5.jpg]
[preview.colorlib.com/theme/ogani/img/product/product-6.jpg]
[preview.colorlib.com/theme/ogani/img/product/product-7.jpg]
[preview.colorlib.com/theme/ogani/img/product/product-8.jpg]
[preview.colorlib.com/theme/ogani/img/product/product-9.jpg]
[preview.colorlib.com/theme/ogani/img/product/product-10.jpg]
[preview.colorlib.com/theme/ogani/img/product/product-11.jpg]
[preview.colorlib.com/theme/ogani/img/product/product-12.jpg]
[preview.colorlib.com/theme/ogani/shop-grid.html]
[preview.colorlib.com/theme/ogani/img/product/details/xproduct-details-1.jpg.pagespeed.ic.Bx8YcdG-Av.jpg]
[preview.colorlib.com/theme/ogani/img/product/details/xthumb-1.jpg.pagespeed.ic.SeqUEM1dNb.jpg]
[preview.colorlib.com/theme/ogani/img/product/details/xthumb-2.jpg.pagespeed.ic.e3XPI_Gg2F.jpg]
[preview.colorlib.com/theme/ogani/img/product/details/xthumb-3.jpg.pagespeed.ic.ywo2R_vdns.jpg]
[preview.colorlib.com/theme/ogani/img/product/details/xthumb-4.jpg.pagespeed.ic.N135Z3ySXJ.jpg]
[preview.colorlib.com/theme/ogani/shop-details.html]
[preview.colorlib.com/theme/ogani/img/cart/xcart-1.jpg.pagespeed.ic.HCREN0EpoU.jpg]
[preview.colorlib.com/theme/ogani/img/cart/xcart-2.jpg.pagespeed.ic.sp4Tg17Gar.jpg]
[preview.colorlib.com/theme/ogani/img/cart/xcart-3.jpg.pagespeed.ic.wi3c1drGwe.jpg]
[preview.colorlib.com/theme/ogani/shoping-cart.html]
[preview.colorlib.com/theme/ogani/checkout.html]
[preview.colorlib.com/theme/ogani/img/blog/details/details-hero.jpg]
[preview.colorlib.com/theme/ogani/img/blog/sidebar/xsr-1.jpg.pagespeed.ic.5LOb90FhfS.jpg]
[preview.colorlib.com/theme/ogani/img/blog/sidebar/xsr-2.jpg.pagespeed.ic.He7YzYLnhc.jpg]
[preview.colorlib.com/theme/ogani/img/blog/sidebar/xsr-3.jpg.pagespeed.ic.7ZtE5bxK_3.jpg]
[preview.colorlib.com/theme/ogani/img/blog/details/xdetails-pic.jpg.pagespeed.ic.giwYRGc9pc.jpg]
[preview.colorlib.com/theme/ogani/img/blog/details/xdetails-author.jpg.pagespeed.ic.1Hw9LfLvVN.jpg]
[preview.colorlib.com/theme/ogani/blog-details.html]
[preview.colorlib.com/theme/ogani/img/blog/xblog-4.jpg.pagespeed.ic.ln84NoXf6O.jpg]
[preview.colorlib.com/theme/ogani/img/blog/xblog-6.jpg.pagespeed.ic.yaVKghuiFY.jpg]
[preview.colorlib.com/theme/ogani/blog.html]
[preview.colorlib.com/theme/ogani/contact.html]
[preview.colorlib.com/theme/ogani/fonts/fontawesome-webfont3e6e.svg]
[preview.colorlib.com/theme/ogani/fonts/ElegantIcons.svg]
